ubuntu@ip-172-31-37-74:~$ sudo snap install microk8s --classic
microk8s (1.30/stable) v1.30.4 from Canonicalâœ“ installed
ubuntu@ip-172-31-37-74:~$ microk8s status --wait-ready
Insufficient permissions to access MicroK8s.
You can either try again with sudo or add the user ubuntu to the 'microk8s' group:

    sudo usermod -a -G microk8s ubuntu
    sudo chown -R ubuntu ~/.kube

After this, reload the user groups either via a reboot or by running 'newgrp microk8s'.
ubuntu@ip-172-31-37-74:~$ sudo usermod -a -G microk8s ubuntu
    sudo chown -R ubuntu ~/.kube
chown: cannot access '/home/ubuntu/.kube': No such file or directory
ubuntu@ip-172-31-37-74:~$ mkdir ~/.kube
sudo microk8s kubectl config view --raw > ~/.kube/config
ubuntu@ip-172-31-37-74:~$ sudo su - root
root@ip-172-31-37-74:~# sudo su - ubuntu
ubuntu@ip-172-31-37-74:~$ microk8s kubectl get all --all-namespaces
NAMESPACE     NAME                                          READY   STATUS    RESTARTS   AGE
kube-system   pod/calico-kube-controllers-796fb75cc-zlmxc   1/1     Running   0          94s
kube-system   pod/calico-node-7dr4r                         1/1     Running   0          95s
kube-system   pod/coredns-5986966c54-jk5mf                  1/1     Running   0          94s

NAMESPACE     NAME                 TYPE        CLUSTER-IP      EXTERNAL-IP   PORT(S)                  AGE
default       service/kubernetes   ClusterIP   10.152.183.1    <none>        443/TCP                  102s
kube-system   service/kube-dns     ClusterIP   10.152.183.10   <none>        53/UDP,53/TCP,9153/TCP   98s

NAMESPACE     NAME                         DESIRED   CURRENT   READY   UP-TO-DATE   AVAILABLE   NODE SELECTOR            AGE
kube-system   daemonset.apps/calico-node   1         1         1       1            1           kubernetes.io/os=linux   96s

NAMESPACE     NAME                                      READY   UP-TO-DATE   AVAILABLE   AGE
kube-system   deployment.apps/calico-kube-controllers   1/1     1            1           96s
kube-system   deployment.apps/coredns                   1/1     1            1           98s

NAMESPACE     NAME                                                DESIRED   CURRENT   READY   AGE
kube-system   replicaset.apps/calico-kube-controllers-796fb75cc   1         1         1       94s
kube-system   replicaset.apps/coredns-5986966c54                  1         1         1       94s
ubuntu@ip-172-31-37-74:~$ alias kubectl="microk8s kubectl"
ubuntu@ip-172-31-37-74:~$ kubectl create ns react-nginx-namespace
namespace/react-nginx-namespace created
ubuntu@ip-172-31-37-74:~$ curl -fsSL -o get_helm.sh https://raw.githubusercontent.com/helm/helm/main/scripts/get-helm-3
chmod 700 get_helm.sh
./get_helm.sh
Downloading https://get.helm.sh/helm-v3.15.4-linux-amd64.tar.gz
Verifying checksum... Done.
Preparing to install helm into /usr/local/bin
helm installed into /usr/local/bin/helm
ubuntu@ip-172-31-37-74:~$ ls
get_helm.sh  snap
ubuntu@ip-172-31-37-74:~$ helm version
WARNING: Kubernetes configuration file is group-readable. This is insecure. Location: /home/ubuntu/.kube/config
WARNING: Kubernetes configuration file is world-readable. This is insecure. Location: /home/ubuntu/.kube/config
version.BuildInfo{Version:"v3.15.4", GitCommit:"fa9efb07d9d8debbb4306d72af76a383895aa8c4", GitTreeState:"clean", GoVersion:"go1.22.6"}
ubuntu@ip-172-31-37-74:~$ helm create react-chart
WARNING: Kubernetes configuration file is group-readable. This is insecure. Location: /home/ubuntu/.kube/config
WARNING: Kubernetes configuration file is world-readable. This is insecure. Location: /home/ubuntu/.kube/config
Creating react-chart
ubuntu@ip-172-31-37-74:~$ ls
get_helm.sh  react-chart  snap
ubuntu@ip-172-31-37-74:~$ cd react-chart
ubuntu@ip-172-31-37-74:~/react-chart$ ls
Chart.yaml  charts  templates  values.yaml
ubuntu@ip-172-31-37-74:~/react-chart$ 
ubuntu@ip-172-31-37-74:~/react-chart$ echo "# helm" >> README.md
ubuntu@ip-172-31-37-74:~/react-chart$ git init
hint: Using 'master' as the name for the initial branch. This default branch name
hint: is subject to change. To configure the initial branch name to use in all
hint: of your new repositories, which will suppress this warning, call:
hint: 
hint: 	git config --global init.defaultBranch <name>
hint: 
hint: Names commonly chosen instead of 'master' are 'main', 'trunk' and
hint: 'development'. The just-created branch can be renamed via this command:
hint: 
hint: 	git branch -m <name>
Initialized empty Git repository in /home/ubuntu/react-chart/.git/
ubuntu@ip-172-31-37-74:~/react-chart$ git add .
ubuntu@ip-172-31-37-74:~/react-chart$ git commit -m "first commit"
[master (root-commit) f4409eb] first commit
 Committer: Ubuntu <ubuntu@ip-172-31-37-74.ec2.internal>
Your name and email address were configured automatically based
on your username and hostname. Please check that they are accurate.
You can suppress this message by setting them explicitly. Run the
following command and follow the instructions in your editor to edit
your configuration file:

    git config --global --edit

After doing this, you may fix the identity used for this commit with:

    git commit --amend --reset-author

 12 files changed, 443 insertions(+)
 create mode 100644 .helmignore
 create mode 100644 Chart.yaml
 create mode 100644 README.md
 create mode 100644 templates/NOTES.txt
 create mode 100644 templates/_helpers.tpl
 create mode 100644 templates/deployment.yaml
 create mode 100644 templates/hpa.yaml
 create mode 100644 templates/ingress.yaml
 create mode 100644 templates/service.yaml
 create mode 100644 templates/serviceaccount.yaml
 create mode 100644 templates/tests/test-connection.yaml
 create mode 100644 values.yaml
ubuntu@ip-172-31-37-74:~/react-chart$ git branch -M main
ubuntu@ip-172-31-37-74:~/react-chart$ git remote add origin https://github.com/akhilgit19/helm.git
ubuntu@ip-172-31-37-74:~/react-chart$ git push -u origin main
Username for 'https://github.com': akhilgit19
Password for 'https://akhilgit19@github.com': 
Enumerating objects: 16, done.
Counting objects: 100% (16/16), done.
Delta compression using up to 2 threads
Compressing objects: 100% (14/14), done.
Writing objects: 100% (16/16), 5.70 KiB | 1.90 MiB/s, done.
Total 16 (delta 1), reused 0 (delta 0), pack-reused 0
remote: Resolving deltas: 100% (1/1), done.
To https://github.com/akhilgit19/helm.git
 * [new branch]      main -> main
branch 'main' set up to track 'origin/main'.
ubuntu@ip-172-31-37-74:~/react-chart$ 



akhilpagadapoola@Akhils-MacBook-Air ~ % cd Documents
akhilpagadapoola@Akhils-MacBook-Air Documents % ls
Aws_EC2_Instance                Hibernate error doc.txt         Pay Slips                       itadmin_credentials.numbers
Cobol                           Hibernate new error doc.txt     React_nginx_keypair             token.txt
Devops notes                    Jenkins_keypair                 Web Development Projects        vmwarefusion
Docker_react_nginx_aws_keypair  Keys                            coorg.txt
HelloWorld.class                Kubernetes_keypair              git.txt
HelloWorld.java                 Mainframe                       ias.txt
akhilpagadapoola@Akhils-MacBook-Air Documents % git clone https://github.com/akhilgit19/helm.git
Cloning into 'helm'...
remote: Enumerating objects: 16, done.
remote: Counting objects: 100% (16/16), done.
remote: Compressing objects: 100% (13/13), done.
remote: Total 16 (delta 1), reused 16 (delta 1), pack-reused 0 (from 0)
Receiving objects: 100% (16/16), 5.70 KiB | 2.85 MiB/s, done.
Resolving deltas: 100% (1/1), done.
akhilpagadapoola@Akhils-MacBook-Air Documents % ls         
Aws_EC2_Instance                Hibernate error doc.txt         Pay Slips                       ias.txt
Cobol                           Hibernate new error doc.txt     React_nginx_keypair             itadmin_credentials.numbers
Devops notes                    Jenkins_keypair                 Web Development Projects        token.txt
Docker_react_nginx_aws_keypair  Keys                            coorg.txt                       vmwarefusion
HelloWorld.class                Kubernetes_keypair              git.txt
HelloWorld.java                 Mainframe                       helm
akhilpagadapoola@Akhils-MacBook-Air Documents % 




akhilpagadapoola@Akhils-MacBook-Air helm % git branch -a
* main
  remotes/origin/HEAD -> origin/main
  remotes/origin/main
akhilpagadapoola@Akhils-MacBook-Air helm % git checkout -b feature/kan-2
Switched to a new branch 'feature/kan-2'
akhilpagadapoola@Akhils-MacBook-Air helm % git branch -a                
* feature/kan-2
  main
  remotes/origin/HEAD -> origin/main
  remotes/origin/main
akhilpagadapoola@Akhils-MacBook-Air helm % git add .
akhilpagadapoola@Akhils-MacBook-Air helm % git commit -m "helm" 
[feature/kan-2 bb1b69e] helm
 4 files changed, 12 insertions(+), 8 deletions(-)
akhilpagadapoola@Akhils-MacBook-Air helm % git push
fatal: The current branch feature/kan-2 has no upstream branch.
To push the current branch and set the remote as upstream, use

    git push --set-upstream origin feature/kan-2

To have this happen automatically for branches without a tracking
upstream, see 'push.autoSetupRemote' in 'git help config'.

akhilpagadapoola@Akhils-MacBook-Air helm % git push --set-upstream origin feature/kan-2
Enumerating objects: 13, done.
Counting objects: 100% (13/13), done.
Delta compression using up to 8 threads
Compressing objects: 100% (7/7), done.
Writing objects: 100% (7/7), 775 bytes | 775.00 KiB/s, done.
Total 7 (delta 6), reused 0 (delta 0), pack-reused 0 (from 0)
remote: Resolving deltas: 100% (6/6), completed with 6 local objects.
remote: 
remote: Create a pull request for 'feature/kan-2' on GitHub by visiting:
remote:      https://github.com/akhilgit19/helm/pull/new/feature/kan-2
remote: 
To https://github.com/akhilgit19/helm.git
 * [new branch]      feature/kan-2 -> feature/kan-2
branch 'feature/kan-2' set up to track 'origin/feature/kan-2'.
akhilpagadapoola@Akhils-MacBook-Air helm % 
